// Jest Snapshot v1, https://goo.gl/fbAQLP

exports[`PlaybookRunLogMapper flatten should flatten playbook run logs 1`] = `
{
  "playbookName": "Base",
  "stats": {
    "glados.local": {
      "changed": 0,
      "failures": 0,
      "ignored": 0,
      "ok": 9,
      "rescued": 0,
      "skipped": 1,
      "unreachable": 0,
    },
    "gman.local": {
      "changed": 0,
      "failures": 0,
      "ignored": 0,
      "ok": 9,
      "rescued": 0,
      "skipped": 1,
      "unreachable": 0,
    },
    "wheatley.local": {
      "changed": 0,
      "failures": 0,
      "ignored": 0,
      "ok": 9,
      "rescued": 0,
      "skipped": 1,
      "unreachable": 0,
    },
  },
  "tasks": [
    {
      "action": "gather_facts",
      "hosts": {
        "glados.local": {
          "changed": false,
          "data": {},
          "deprecations": [],
          "duration": 5645,
          "hostname": "glados.local",
          "skip": {
            "condition": undefined,
            "reason": undefined,
          },
          "warnings": [
            "Platform linux on host glados.local is using the discovered Python interpreter at /usr/bin/python3.10, but future installation of another Python interpreter could change the meaning of that path. See https://docs.ansible.com/ansible-core/2.17/reference_appendices/interpreter_discovery.html for more information.",
          ],
        },
        "gman.local": {
          "changed": false,
          "data": {},
          "deprecations": [],
          "duration": 4429,
          "hostname": "gman.local",
          "skip": {
            "condition": undefined,
            "reason": undefined,
          },
          "warnings": [
            "Platform linux on host gman.local is using the discovered Python interpreter at /usr/bin/python3.11, but future installation of another Python interpreter could change the meaning of that path. See https://docs.ansible.com/ansible-core/2.17/reference_appendices/interpreter_discovery.html for more information.",
          ],
        },
        "wheatley.local": {
          "changed": false,
          "data": {},
          "deprecations": [],
          "duration": 3904,
          "hostname": "wheatley.local",
          "skip": {
            "condition": undefined,
            "reason": undefined,
          },
          "warnings": [
            "Platform linux on host wheatley.local is using the discovered Python interpreter at /usr/bin/python3.11, but future installation of another Python interpreter could change the meaning of that path. See https://docs.ansible.com/ansible-core/2.17/reference_appendices/interpreter_discovery.html for more information.",
          ],
        },
      },
      "id": "0691f17f-5892-5ccd-cc9d-000000000029",
      "location": "/iac/ansible/playbooks/base/main.yaml:2",
      "name": "Gathering Facts",
      "startedAt": 1730538166497,
    },
    {
      "action": "ansible.builtin.debug",
      "hosts": {
        "glados.local": {
          "changed": false,
          "data": {},
          "deprecations": undefined,
          "duration": 28,
          "hostname": "glados.local",
          "skip": {
            "condition": undefined,
            "reason": undefined,
          },
          "warnings": undefined,
        },
        "gman.local": {
          "changed": false,
          "data": {},
          "deprecations": undefined,
          "duration": 18,
          "hostname": "gman.local",
          "skip": {
            "condition": undefined,
            "reason": undefined,
          },
          "warnings": undefined,
        },
        "wheatley.local": {
          "changed": false,
          "data": {},
          "deprecations": undefined,
          "duration": 21,
          "hostname": "wheatley.local",
          "skip": {
            "condition": undefined,
            "reason": undefined,
          },
          "warnings": undefined,
        },
      },
      "id": "0691f17f-5892-5ccd-cc9d-000000000006",
      "location": "/iac/ansible/playbooks/base/main.yaml:10",
      "name": "Debug",
      "startedAt": 1730538172168,
    },
    {
      "action": "ansible.builtin.package",
      "hosts": {
        "glados.local": {
          "changed": false,
          "data": {},
          "deprecations": undefined,
          "duration": 40598,
          "hostname": "glados.local",
          "skip": {
            "condition": undefined,
            "reason": undefined,
          },
          "warnings": undefined,
        },
        "gman.local": {
          "changed": false,
          "data": {},
          "deprecations": undefined,
          "duration": 35679,
          "hostname": "gman.local",
          "skip": {
            "condition": undefined,
            "reason": undefined,
          },
          "warnings": undefined,
        },
        "wheatley.local": {
          "changed": false,
          "data": {},
          "deprecations": undefined,
          "duration": 23614,
          "hostname": "wheatley.local",
          "skip": {
            "condition": undefined,
            "reason": undefined,
          },
          "warnings": undefined,
        },
      },
      "id": "0691f17f-5892-5ccd-cc9d-000000000007",
      "location": "/iac/ansible/playbooks/base/main.yaml:14",
      "name": "Install base packages",
      "startedAt": 1730538172201,
    },
    {
      "action": "ansible.builtin.apt_key",
      "hosts": {
        "glados.local": {
          "changed": false,
          "data": {},
          "deprecations": undefined,
          "duration": 3469,
          "hostname": "glados.local",
          "skip": {
            "condition": undefined,
            "reason": undefined,
          },
          "warnings": undefined,
        },
        "gman.local": {
          "changed": false,
          "data": {},
          "deprecations": undefined,
          "duration": 3828,
          "hostname": "gman.local",
          "skip": {
            "condition": undefined,
            "reason": undefined,
          },
          "warnings": undefined,
        },
        "wheatley.local": {
          "changed": false,
          "data": {},
          "deprecations": undefined,
          "duration": 3250,
          "hostname": "wheatley.local",
          "skip": {
            "condition": undefined,
            "reason": undefined,
          },
          "warnings": undefined,
        },
      },
      "id": "0691f17f-5892-5ccd-cc9d-00000000000e",
      "location": "/iac/ansible/roles/zerotier-client/tasks/main.yaml:2",
      "name": "zerotier-client : Add ZeroTier GPG apt key",
      "startedAt": 1730538212809,
    },
    {
      "action": "ansible.builtin.apt_repository",
      "hosts": {
        "glados.local": {
          "changed": false,
          "data": {},
          "deprecations": undefined,
          "duration": 3157,
          "hostname": "glados.local",
          "skip": {
            "condition": undefined,
            "reason": undefined,
          },
          "warnings": undefined,
        },
        "gman.local": {
          "changed": false,
          "data": {},
          "deprecations": undefined,
          "duration": 2255,
          "hostname": "gman.local",
          "skip": {
            "condition": undefined,
            "reason": undefined,
          },
          "warnings": undefined,
        },
        "wheatley.local": {
          "changed": false,
          "data": {},
          "deprecations": undefined,
          "duration": 2161,
          "hostname": "wheatley.local",
          "skip": {
            "condition": undefined,
            "reason": undefined,
          },
          "warnings": undefined,
        },
      },
      "id": "0691f17f-5892-5ccd-cc9d-00000000000f",
      "location": "/iac/ansible/roles/zerotier-client/tasks/main.yaml:7",
      "name": "zerotier-client : Add ZeroTier repository",
      "startedAt": 1730538216648,
    },
    {
      "action": "ansible.builtin.apt",
      "hosts": {
        "glados.local": {
          "changed": false,
          "data": {},
          "deprecations": undefined,
          "duration": 3635,
          "hostname": "glados.local",
          "skip": {
            "condition": undefined,
            "reason": undefined,
          },
          "warnings": undefined,
        },
        "gman.local": {
          "changed": false,
          "data": {},
          "deprecations": undefined,
          "duration": 3555,
          "hostname": "gman.local",
          "skip": {
            "condition": undefined,
            "reason": undefined,
          },
          "warnings": undefined,
        },
        "wheatley.local": {
          "changed": false,
          "data": {},
          "deprecations": undefined,
          "duration": 2109,
          "hostname": "wheatley.local",
          "skip": {
            "condition": undefined,
            "reason": undefined,
          },
          "warnings": undefined,
        },
      },
      "id": "0691f17f-5892-5ccd-cc9d-000000000010",
      "location": "/iac/ansible/roles/zerotier-client/tasks/main.yaml:17",
      "name": "zerotier-client : Install zerotier-one",
      "startedAt": 1730538219818,
    },
    {
      "action": "ansible.builtin.systemd",
      "hosts": {
        "glados.local": {
          "changed": false,
          "data": {},
          "deprecations": undefined,
          "duration": 3299,
          "hostname": "glados.local",
          "skip": {
            "condition": undefined,
            "reason": undefined,
          },
          "warnings": undefined,
        },
        "gman.local": {
          "changed": false,
          "data": {},
          "deprecations": undefined,
          "duration": 2796,
          "hostname": "gman.local",
          "skip": {
            "condition": undefined,
            "reason": undefined,
          },
          "warnings": undefined,
        },
        "wheatley.local": {
          "changed": false,
          "data": {},
          "deprecations": undefined,
          "duration": 1903,
          "hostname": "wheatley.local",
          "skip": {
            "condition": undefined,
            "reason": undefined,
          },
          "warnings": undefined,
        },
      },
      "id": "0691f17f-5892-5ccd-cc9d-000000000011",
      "location": "/iac/ansible/roles/zerotier-client/tasks/main.yaml:22",
      "name": "zerotier-client : Start zerotier-one",
      "startedAt": 1730538223457,
    },
    {
      "action": "ansible.builtin.command",
      "hosts": {
        "glados.local": {
          "changed": false,
          "data": {},
          "deprecations": undefined,
          "duration": 26,
          "hostname": "glados.local",
          "skip": {
            "condition": "network_id is defined and network_id != """,
            "reason": "Conditional result was False",
          },
          "warnings": undefined,
        },
        "gman.local": {
          "changed": false,
          "data": {},
          "deprecations": undefined,
          "duration": 22,
          "hostname": "gman.local",
          "skip": {
            "condition": "network_id is defined and network_id != """,
            "reason": "Conditional result was False",
          },
          "warnings": undefined,
        },
        "wheatley.local": {
          "changed": false,
          "data": {},
          "deprecations": undefined,
          "duration": 22,
          "hostname": "wheatley.local",
          "skip": {
            "condition": "network_id is defined and network_id != """,
            "reason": "Conditional result was False",
          },
          "warnings": undefined,
        },
      },
      "id": "0691f17f-5892-5ccd-cc9d-000000000012",
      "location": "/iac/ansible/roles/zerotier-client/tasks/main.yaml:28",
      "name": "zerotier-client : Join ZeroTier network",
      "startedAt": 1730538226767,
    },
    {
      "action": "ansible.builtin.slurp",
      "hosts": {
        "glados.local": {
          "changed": false,
          "data": {},
          "deprecations": undefined,
          "duration": 3538,
          "hostname": "glados.local",
          "skip": {
            "condition": undefined,
            "reason": undefined,
          },
          "warnings": undefined,
        },
        "gman.local": {
          "changed": false,
          "data": {},
          "deprecations": undefined,
          "duration": 2223,
          "hostname": "gman.local",
          "skip": {
            "condition": undefined,
            "reason": undefined,
          },
          "warnings": undefined,
        },
        "wheatley.local": {
          "changed": false,
          "data": {},
          "deprecations": undefined,
          "duration": 1699,
          "hostname": "wheatley.local",
          "skip": {
            "condition": undefined,
            "reason": undefined,
          },
          "warnings": undefined,
        },
      },
      "id": "0691f17f-5892-5ccd-cc9d-000000000013",
      "location": "/iac/ansible/roles/zerotier-client/tasks/main.yaml:34",
      "name": "zerotier-client : Read ZeroTier client identity",
      "startedAt": 1730538226797,
    },
    {
      "action": "ansible.builtin.debug",
      "hosts": {
        "glados.local": {
          "changed": false,
          "data": {},
          "deprecations": undefined,
          "duration": 201,
          "hostname": "glados.local",
          "skip": {
            "condition": undefined,
            "reason": undefined,
          },
          "warnings": undefined,
        },
        "gman.local": {
          "changed": false,
          "data": {},
          "deprecations": undefined,
          "duration": 201,
          "hostname": "gman.local",
          "skip": {
            "condition": undefined,
            "reason": undefined,
          },
          "warnings": undefined,
        },
        "wheatley.local": {
          "changed": false,
          "data": {},
          "deprecations": undefined,
          "duration": 201,
          "hostname": "wheatley.local",
          "skip": {
            "condition": undefined,
            "reason": undefined,
          },
          "warnings": undefined,
        },
      },
      "id": "0691f17f-5892-5ccd-cc9d-000000000014",
      "location": "/iac/ansible/roles/zerotier-client/tasks/main.yaml:39",
      "name": "zerotier-client : Output ZeroTier client identity",
      "startedAt": 1730538230343,
    },
  ],
}
`;
