// Jest Snapshot v1, https://goo.gl/fbAQLP

exports[`PlaybookRunLogMapper flatten should flatten playbook run logs 1`] = `
{
  "playbookName": "Base",
  "stats": {
    "glados.local": {
      "changed": 0,
      "failures": 0,
      "ignored": 0,
      "ok": 9,
      "rescued": 0,
      "skipped": 1,
      "unreachable": 0,
    },
    "gman.local": {
      "changed": 0,
      "failures": 0,
      "ignored": 0,
      "ok": 9,
      "rescued": 0,
      "skipped": 1,
      "unreachable": 0,
    },
    "wheatley.local": {
      "changed": 0,
      "failures": 0,
      "ignored": 0,
      "ok": 9,
      "rescued": 0,
      "skipped": 1,
      "unreachable": 0,
    },
  },
  "tasks": [
    {
      "action": "gather_facts",
      "hosts": {
        "glados.local": {
          "changed": false,
          "data": {
            "ansible_facts": {},
          },
          "deprecations": [],
          "duration": 5645,
          "hostname": "glados.local",
          "skip": {
            "condition": undefined,
            "reason": undefined,
          },
          "warnings": [
            "Platform linux on host glados.local is using the discovered Python interpreter at /usr/bin/python3.10, but future installation of another Python interpreter could change the meaning of that path. See https://docs.ansible.com/ansible-core/2.17/reference_appendices/interpreter_discovery.html for more information.",
          ],
        },
        "gman.local": {
          "changed": false,
          "data": {
            "ansible_facts": {},
          },
          "deprecations": [],
          "duration": 4429,
          "hostname": "gman.local",
          "skip": {
            "condition": undefined,
            "reason": undefined,
          },
          "warnings": [
            "Platform linux on host gman.local is using the discovered Python interpreter at /usr/bin/python3.11, but future installation of another Python interpreter could change the meaning of that path. See https://docs.ansible.com/ansible-core/2.17/reference_appendices/interpreter_discovery.html for more information.",
          ],
        },
        "wheatley.local": {
          "changed": false,
          "data": {
            "ansible_facts": {},
          },
          "deprecations": [],
          "duration": 3904,
          "hostname": "wheatley.local",
          "skip": {
            "condition": undefined,
            "reason": undefined,
          },
          "warnings": [
            "Platform linux on host wheatley.local is using the discovered Python interpreter at /usr/bin/python3.11, but future installation of another Python interpreter could change the meaning of that path. See https://docs.ansible.com/ansible-core/2.17/reference_appendices/interpreter_discovery.html for more information.",
          ],
        },
      },
      "id": "0691f17f-5892-5ccd-cc9d-000000000029",
      "location": "/iac/ansible/playbooks/base/main.yaml:2",
      "name": "Gathering Facts",
      "startedAt": 1730538166497,
    },
    {
      "action": "ansible.builtin.debug",
      "hosts": {
        "glados.local": {
          "changed": false,
          "data": {
            "_ansible_verbose_always": true,
            "msg": "glados - Debian",
          },
          "deprecations": undefined,
          "duration": 28,
          "hostname": "glados.local",
          "skip": {
            "condition": undefined,
            "reason": undefined,
          },
          "warnings": undefined,
        },
        "gman.local": {
          "changed": false,
          "data": {
            "_ansible_verbose_always": true,
            "msg": "gman - Debian",
          },
          "deprecations": undefined,
          "duration": 18,
          "hostname": "gman.local",
          "skip": {
            "condition": undefined,
            "reason": undefined,
          },
          "warnings": undefined,
        },
        "wheatley.local": {
          "changed": false,
          "data": {
            "_ansible_verbose_always": true,
            "msg": "wheatley - Debian",
          },
          "deprecations": undefined,
          "duration": 21,
          "hostname": "wheatley.local",
          "skip": {
            "condition": undefined,
            "reason": undefined,
          },
          "warnings": undefined,
        },
      },
      "id": "0691f17f-5892-5ccd-cc9d-000000000006",
      "location": "/iac/ansible/playbooks/base/main.yaml:10",
      "name": "Debug",
      "startedAt": 1730538172168,
    },
    {
      "action": "ansible.builtin.package",
      "hosts": {
        "glados.local": {
          "changed": false,
          "data": {
            "msg": "All items completed",
            "results": [
              {
                "_ansible_item_label": "apt-transport-https",
                "_ansible_no_log": false,
                "ansible_loop_var": "item",
                "cache_update_time": 1730528942,
                "cache_updated": false,
                "changed": false,
                "failed": false,
                "invocation": {
                  "module_args": {
                    "allow_change_held_packages": false,
                    "allow_downgrade": false,
                    "allow_unauthenticated": false,
                    "autoclean": false,
                    "autoremove": false,
                    "cache_valid_time": 0,
                    "clean": false,
                    "deb": null,
                    "default_release": null,
                    "dpkg_options": "force-confdef,force-confold",
                    "fail_on_autoremove": false,
                    "force": false,
                    "force_apt_get": false,
                    "install_recommends": null,
                    "lock_timeout": 60,
                    "name": "apt-transport-https",
                    "only_upgrade": false,
                    "package": [
                      "apt-transport-https",
                    ],
                    "policy_rc_d": null,
                    "purge": false,
                    "state": "present",
                    "update_cache": null,
                    "update_cache_retries": 5,
                    "update_cache_retry_max_delay": 12,
                    "upgrade": null,
                  },
                },
                "item": "apt-transport-https",
              },
              {
                "_ansible_item_label": "build-essential",
                "_ansible_no_log": false,
                "ansible_loop_var": "item",
                "cache_update_time": 1730528942,
                "cache_updated": false,
                "changed": false,
                "failed": false,
                "invocation": {
                  "module_args": {
                    "allow_change_held_packages": false,
                    "allow_downgrade": false,
                    "allow_unauthenticated": false,
                    "autoclean": false,
                    "autoremove": false,
                    "cache_valid_time": 0,
                    "clean": false,
                    "deb": null,
                    "default_release": null,
                    "dpkg_options": "force-confdef,force-confold",
                    "fail_on_autoremove": false,
                    "force": false,
                    "force_apt_get": false,
                    "install_recommends": null,
                    "lock_timeout": 60,
                    "name": "build-essential",
                    "only_upgrade": false,
                    "package": [
                      "build-essential",
                    ],
                    "policy_rc_d": null,
                    "purge": false,
                    "state": "present",
                    "update_cache": null,
                    "update_cache_retries": 5,
                    "update_cache_retry_max_delay": 12,
                    "upgrade": null,
                  },
                },
                "item": "build-essential",
              },
              {
                "_ansible_item_label": "ca-certificates",
                "_ansible_no_log": false,
                "ansible_loop_var": "item",
                "cache_update_time": 1730528942,
                "cache_updated": false,
                "changed": false,
                "failed": false,
                "invocation": {
                  "module_args": {
                    "allow_change_held_packages": false,
                    "allow_downgrade": false,
                    "allow_unauthenticated": false,
                    "autoclean": false,
                    "autoremove": false,
                    "cache_valid_time": 0,
                    "clean": false,
                    "deb": null,
                    "default_release": null,
                    "dpkg_options": "force-confdef,force-confold",
                    "fail_on_autoremove": false,
                    "force": false,
                    "force_apt_get": false,
                    "install_recommends": null,
                    "lock_timeout": 60,
                    "name": "ca-certificates",
                    "only_upgrade": false,
                    "package": [
                      "ca-certificates",
                    ],
                    "policy_rc_d": null,
                    "purge": false,
                    "state": "present",
                    "update_cache": null,
                    "update_cache_retries": 5,
                    "update_cache_retry_max_delay": 12,
                    "upgrade": null,
                  },
                },
                "item": "ca-certificates",
              },
              {
                "_ansible_item_label": "curl",
                "_ansible_no_log": false,
                "ansible_loop_var": "item",
                "cache_update_time": 1730528942,
                "cache_updated": false,
                "changed": false,
                "failed": false,
                "invocation": {
                  "module_args": {
                    "allow_change_held_packages": false,
                    "allow_downgrade": false,
                    "allow_unauthenticated": false,
                    "autoclean": false,
                    "autoremove": false,
                    "cache_valid_time": 0,
                    "clean": false,
                    "deb": null,
                    "default_release": null,
                    "dpkg_options": "force-confdef,force-confold",
                    "fail_on_autoremove": false,
                    "force": false,
                    "force_apt_get": false,
                    "install_recommends": null,
                    "lock_timeout": 60,
                    "name": "curl",
                    "only_upgrade": false,
                    "package": [
                      "curl",
                    ],
                    "policy_rc_d": null,
                    "purge": false,
                    "state": "present",
                    "update_cache": null,
                    "update_cache_retries": 5,
                    "update_cache_retry_max_delay": 12,
                    "upgrade": null,
                  },
                },
                "item": "curl",
              },
              {
                "_ansible_item_label": "git",
                "_ansible_no_log": false,
                "ansible_loop_var": "item",
                "cache_update_time": 1730528942,
                "cache_updated": false,
                "changed": false,
                "failed": false,
                "invocation": {
                  "module_args": {
                    "allow_change_held_packages": false,
                    "allow_downgrade": false,
                    "allow_unauthenticated": false,
                    "autoclean": false,
                    "autoremove": false,
                    "cache_valid_time": 0,
                    "clean": false,
                    "deb": null,
                    "default_release": null,
                    "dpkg_options": "force-confdef,force-confold",
                    "fail_on_autoremove": false,
                    "force": false,
                    "force_apt_get": false,
                    "install_recommends": null,
                    "lock_timeout": 60,
                    "name": "git",
                    "only_upgrade": false,
                    "package": [
                      "git",
                    ],
                    "policy_rc_d": null,
                    "purge": false,
                    "state": "present",
                    "update_cache": null,
                    "update_cache_retries": 5,
                    "update_cache_retry_max_delay": 12,
                    "upgrade": null,
                  },
                },
                "item": "git",
              },
              {
                "_ansible_item_label": "gnupg",
                "_ansible_no_log": false,
                "ansible_loop_var": "item",
                "cache_update_time": 1730528942,
                "cache_updated": false,
                "changed": false,
                "failed": false,
                "invocation": {
                  "module_args": {
                    "allow_change_held_packages": false,
                    "allow_downgrade": false,
                    "allow_unauthenticated": false,
                    "autoclean": false,
                    "autoremove": false,
                    "cache_valid_time": 0,
                    "clean": false,
                    "deb": null,
                    "default_release": null,
                    "dpkg_options": "force-confdef,force-confold",
                    "fail_on_autoremove": false,
                    "force": false,
                    "force_apt_get": false,
                    "install_recommends": null,
                    "lock_timeout": 60,
                    "name": "gnupg",
                    "only_upgrade": false,
                    "package": [
                      "gnupg",
                    ],
                    "policy_rc_d": null,
                    "purge": false,
                    "state": "present",
                    "update_cache": null,
                    "update_cache_retries": 5,
                    "update_cache_retry_max_delay": 12,
                    "upgrade": null,
                  },
                },
                "item": "gnupg",
              },
              {
                "_ansible_item_label": "jq",
                "_ansible_no_log": false,
                "ansible_loop_var": "item",
                "cache_update_time": 1730528942,
                "cache_updated": false,
                "changed": false,
                "failed": false,
                "invocation": {
                  "module_args": {
                    "allow_change_held_packages": false,
                    "allow_downgrade": false,
                    "allow_unauthenticated": false,
                    "autoclean": false,
                    "autoremove": false,
                    "cache_valid_time": 0,
                    "clean": false,
                    "deb": null,
                    "default_release": null,
                    "dpkg_options": "force-confdef,force-confold",
                    "fail_on_autoremove": false,
                    "force": false,
                    "force_apt_get": false,
                    "install_recommends": null,
                    "lock_timeout": 60,
                    "name": "jq",
                    "only_upgrade": false,
                    "package": [
                      "jq",
                    ],
                    "policy_rc_d": null,
                    "purge": false,
                    "state": "present",
                    "update_cache": null,
                    "update_cache_retries": 5,
                    "update_cache_retry_max_delay": 12,
                    "upgrade": null,
                  },
                },
                "item": "jq",
              },
              {
                "_ansible_item_label": "nfs-common",
                "_ansible_no_log": false,
                "ansible_loop_var": "item",
                "cache_update_time": 1730528942,
                "cache_updated": false,
                "changed": false,
                "failed": false,
                "invocation": {
                  "module_args": {
                    "allow_change_held_packages": false,
                    "allow_downgrade": false,
                    "allow_unauthenticated": false,
                    "autoclean": false,
                    "autoremove": false,
                    "cache_valid_time": 0,
                    "clean": false,
                    "deb": null,
                    "default_release": null,
                    "dpkg_options": "force-confdef,force-confold",
                    "fail_on_autoremove": false,
                    "force": false,
                    "force_apt_get": false,
                    "install_recommends": null,
                    "lock_timeout": 60,
                    "name": "nfs-common",
                    "only_upgrade": false,
                    "package": [
                      "nfs-common",
                    ],
                    "policy_rc_d": null,
                    "purge": false,
                    "state": "present",
                    "update_cache": null,
                    "update_cache_retries": 5,
                    "update_cache_retry_max_delay": 12,
                    "upgrade": null,
                  },
                },
                "item": "nfs-common",
              },
              {
                "_ansible_item_label": "rsync",
                "_ansible_no_log": false,
                "ansible_loop_var": "item",
                "cache_update_time": 1730528942,
                "cache_updated": false,
                "changed": false,
                "failed": false,
                "invocation": {
                  "module_args": {
                    "allow_change_held_packages": false,
                    "allow_downgrade": false,
                    "allow_unauthenticated": false,
                    "autoclean": false,
                    "autoremove": false,
                    "cache_valid_time": 0,
                    "clean": false,
                    "deb": null,
                    "default_release": null,
                    "dpkg_options": "force-confdef,force-confold",
                    "fail_on_autoremove": false,
                    "force": false,
                    "force_apt_get": false,
                    "install_recommends": null,
                    "lock_timeout": 60,
                    "name": "rsync",
                    "only_upgrade": false,
                    "package": [
                      "rsync",
                    ],
                    "policy_rc_d": null,
                    "purge": false,
                    "state": "present",
                    "update_cache": null,
                    "update_cache_retries": 5,
                    "update_cache_retry_max_delay": 12,
                    "upgrade": null,
                  },
                },
                "item": "rsync",
              },
              {
                "_ansible_item_label": "samba",
                "_ansible_no_log": false,
                "ansible_loop_var": "item",
                "cache_update_time": 1730528942,
                "cache_updated": false,
                "changed": false,
                "failed": false,
                "invocation": {
                  "module_args": {
                    "allow_change_held_packages": false,
                    "allow_downgrade": false,
                    "allow_unauthenticated": false,
                    "autoclean": false,
                    "autoremove": false,
                    "cache_valid_time": 0,
                    "clean": false,
                    "deb": null,
                    "default_release": null,
                    "dpkg_options": "force-confdef,force-confold",
                    "fail_on_autoremove": false,
                    "force": false,
                    "force_apt_get": false,
                    "install_recommends": null,
                    "lock_timeout": 60,
                    "name": "samba",
                    "only_upgrade": false,
                    "package": [
                      "samba",
                    ],
                    "policy_rc_d": null,
                    "purge": false,
                    "state": "present",
                    "update_cache": null,
                    "update_cache_retries": 5,
                    "update_cache_retry_max_delay": 12,
                    "upgrade": null,
                  },
                },
                "item": "samba",
              },
              {
                "_ansible_item_label": "software-properties-common",
                "_ansible_no_log": false,
                "ansible_loop_var": "item",
                "cache_update_time": 1730528942,
                "cache_updated": false,
                "changed": false,
                "failed": false,
                "invocation": {
                  "module_args": {
                    "allow_change_held_packages": false,
                    "allow_downgrade": false,
                    "allow_unauthenticated": false,
                    "autoclean": false,
                    "autoremove": false,
                    "cache_valid_time": 0,
                    "clean": false,
                    "deb": null,
                    "default_release": null,
                    "dpkg_options": "force-confdef,force-confold",
                    "fail_on_autoremove": false,
                    "force": false,
                    "force_apt_get": false,
                    "install_recommends": null,
                    "lock_timeout": 60,
                    "name": "software-properties-common",
                    "only_upgrade": false,
                    "package": [
                      "software-properties-common",
                    ],
                    "policy_rc_d": null,
                    "purge": false,
                    "state": "present",
                    "update_cache": null,
                    "update_cache_retries": 5,
                    "update_cache_retry_max_delay": 12,
                    "upgrade": null,
                  },
                },
                "item": "software-properties-common",
              },
            ],
          },
          "deprecations": undefined,
          "duration": 40598,
          "hostname": "glados.local",
          "skip": {
            "condition": undefined,
            "reason": undefined,
          },
          "warnings": undefined,
        },
        "gman.local": {
          "changed": false,
          "data": {
            "msg": "All items completed",
            "results": [
              {
                "_ansible_item_label": "apt-transport-https",
                "_ansible_no_log": false,
                "ansible_loop_var": "item",
                "cache_update_time": 1719909415,
                "cache_updated": false,
                "changed": false,
                "failed": false,
                "invocation": {
                  "module_args": {
                    "allow_change_held_packages": false,
                    "allow_downgrade": false,
                    "allow_unauthenticated": false,
                    "autoclean": false,
                    "autoremove": false,
                    "cache_valid_time": 0,
                    "clean": false,
                    "deb": null,
                    "default_release": null,
                    "dpkg_options": "force-confdef,force-confold",
                    "fail_on_autoremove": false,
                    "force": false,
                    "force_apt_get": false,
                    "install_recommends": null,
                    "lock_timeout": 60,
                    "name": "apt-transport-https",
                    "only_upgrade": false,
                    "package": [
                      "apt-transport-https",
                    ],
                    "policy_rc_d": null,
                    "purge": false,
                    "state": "present",
                    "update_cache": null,
                    "update_cache_retries": 5,
                    "update_cache_retry_max_delay": 12,
                    "upgrade": null,
                  },
                },
                "item": "apt-transport-https",
              },
              {
                "_ansible_item_label": "build-essential",
                "_ansible_no_log": false,
                "ansible_loop_var": "item",
                "cache_update_time": 1719909415,
                "cache_updated": false,
                "changed": false,
                "failed": false,
                "invocation": {
                  "module_args": {
                    "allow_change_held_packages": false,
                    "allow_downgrade": false,
                    "allow_unauthenticated": false,
                    "autoclean": false,
                    "autoremove": false,
                    "cache_valid_time": 0,
                    "clean": false,
                    "deb": null,
                    "default_release": null,
                    "dpkg_options": "force-confdef,force-confold",
                    "fail_on_autoremove": false,
                    "force": false,
                    "force_apt_get": false,
                    "install_recommends": null,
                    "lock_timeout": 60,
                    "name": "build-essential",
                    "only_upgrade": false,
                    "package": [
                      "build-essential",
                    ],
                    "policy_rc_d": null,
                    "purge": false,
                    "state": "present",
                    "update_cache": null,
                    "update_cache_retries": 5,
                    "update_cache_retry_max_delay": 12,
                    "upgrade": null,
                  },
                },
                "item": "build-essential",
              },
              {
                "_ansible_item_label": "ca-certificates",
                "_ansible_no_log": false,
                "ansible_loop_var": "item",
                "cache_update_time": 1719909415,
                "cache_updated": false,
                "changed": false,
                "failed": false,
                "invocation": {
                  "module_args": {
                    "allow_change_held_packages": false,
                    "allow_downgrade": false,
                    "allow_unauthenticated": false,
                    "autoclean": false,
                    "autoremove": false,
                    "cache_valid_time": 0,
                    "clean": false,
                    "deb": null,
                    "default_release": null,
                    "dpkg_options": "force-confdef,force-confold",
                    "fail_on_autoremove": false,
                    "force": false,
                    "force_apt_get": false,
                    "install_recommends": null,
                    "lock_timeout": 60,
                    "name": "ca-certificates",
                    "only_upgrade": false,
                    "package": [
                      "ca-certificates",
                    ],
                    "policy_rc_d": null,
                    "purge": false,
                    "state": "present",
                    "update_cache": null,
                    "update_cache_retries": 5,
                    "update_cache_retry_max_delay": 12,
                    "upgrade": null,
                  },
                },
                "item": "ca-certificates",
              },
              {
                "_ansible_item_label": "curl",
                "_ansible_no_log": false,
                "ansible_loop_var": "item",
                "cache_update_time": 1719909415,
                "cache_updated": false,
                "changed": false,
                "failed": false,
                "invocation": {
                  "module_args": {
                    "allow_change_held_packages": false,
                    "allow_downgrade": false,
                    "allow_unauthenticated": false,
                    "autoclean": false,
                    "autoremove": false,
                    "cache_valid_time": 0,
                    "clean": false,
                    "deb": null,
                    "default_release": null,
                    "dpkg_options": "force-confdef,force-confold",
                    "fail_on_autoremove": false,
                    "force": false,
                    "force_apt_get": false,
                    "install_recommends": null,
                    "lock_timeout": 60,
                    "name": "curl",
                    "only_upgrade": false,
                    "package": [
                      "curl",
                    ],
                    "policy_rc_d": null,
                    "purge": false,
                    "state": "present",
                    "update_cache": null,
                    "update_cache_retries": 5,
                    "update_cache_retry_max_delay": 12,
                    "upgrade": null,
                  },
                },
                "item": "curl",
              },
              {
                "_ansible_item_label": "git",
                "_ansible_no_log": false,
                "ansible_loop_var": "item",
                "cache_update_time": 1719909415,
                "cache_updated": false,
                "changed": false,
                "failed": false,
                "invocation": {
                  "module_args": {
                    "allow_change_held_packages": false,
                    "allow_downgrade": false,
                    "allow_unauthenticated": false,
                    "autoclean": false,
                    "autoremove": false,
                    "cache_valid_time": 0,
                    "clean": false,
                    "deb": null,
                    "default_release": null,
                    "dpkg_options": "force-confdef,force-confold",
                    "fail_on_autoremove": false,
                    "force": false,
                    "force_apt_get": false,
                    "install_recommends": null,
                    "lock_timeout": 60,
                    "name": "git",
                    "only_upgrade": false,
                    "package": [
                      "git",
                    ],
                    "policy_rc_d": null,
                    "purge": false,
                    "state": "present",
                    "update_cache": null,
                    "update_cache_retries": 5,
                    "update_cache_retry_max_delay": 12,
                    "upgrade": null,
                  },
                },
                "item": "git",
              },
              {
                "_ansible_item_label": "gnupg",
                "_ansible_no_log": false,
                "ansible_loop_var": "item",
                "cache_update_time": 1719909415,
                "cache_updated": false,
                "changed": false,
                "failed": false,
                "invocation": {
                  "module_args": {
                    "allow_change_held_packages": false,
                    "allow_downgrade": false,
                    "allow_unauthenticated": false,
                    "autoclean": false,
                    "autoremove": false,
                    "cache_valid_time": 0,
                    "clean": false,
                    "deb": null,
                    "default_release": null,
                    "dpkg_options": "force-confdef,force-confold",
                    "fail_on_autoremove": false,
                    "force": false,
                    "force_apt_get": false,
                    "install_recommends": null,
                    "lock_timeout": 60,
                    "name": "gnupg",
                    "only_upgrade": false,
                    "package": [
                      "gnupg",
                    ],
                    "policy_rc_d": null,
                    "purge": false,
                    "state": "present",
                    "update_cache": null,
                    "update_cache_retries": 5,
                    "update_cache_retry_max_delay": 12,
                    "upgrade": null,
                  },
                },
                "item": "gnupg",
              },
              {
                "_ansible_item_label": "jq",
                "_ansible_no_log": false,
                "ansible_loop_var": "item",
                "cache_update_time": 1719909415,
                "cache_updated": false,
                "changed": false,
                "failed": false,
                "invocation": {
                  "module_args": {
                    "allow_change_held_packages": false,
                    "allow_downgrade": false,
                    "allow_unauthenticated": false,
                    "autoclean": false,
                    "autoremove": false,
                    "cache_valid_time": 0,
                    "clean": false,
                    "deb": null,
                    "default_release": null,
                    "dpkg_options": "force-confdef,force-confold",
                    "fail_on_autoremove": false,
                    "force": false,
                    "force_apt_get": false,
                    "install_recommends": null,
                    "lock_timeout": 60,
                    "name": "jq",
                    "only_upgrade": false,
                    "package": [
                      "jq",
                    ],
                    "policy_rc_d": null,
                    "purge": false,
                    "state": "present",
                    "update_cache": null,
                    "update_cache_retries": 5,
                    "update_cache_retry_max_delay": 12,
                    "upgrade": null,
                  },
                },
                "item": "jq",
              },
              {
                "_ansible_item_label": "nfs-common",
                "_ansible_no_log": false,
                "ansible_loop_var": "item",
                "cache_update_time": 1719909415,
                "cache_updated": false,
                "changed": false,
                "failed": false,
                "invocation": {
                  "module_args": {
                    "allow_change_held_packages": false,
                    "allow_downgrade": false,
                    "allow_unauthenticated": false,
                    "autoclean": false,
                    "autoremove": false,
                    "cache_valid_time": 0,
                    "clean": false,
                    "deb": null,
                    "default_release": null,
                    "dpkg_options": "force-confdef,force-confold",
                    "fail_on_autoremove": false,
                    "force": false,
                    "force_apt_get": false,
                    "install_recommends": null,
                    "lock_timeout": 60,
                    "name": "nfs-common",
                    "only_upgrade": false,
                    "package": [
                      "nfs-common",
                    ],
                    "policy_rc_d": null,
                    "purge": false,
                    "state": "present",
                    "update_cache": null,
                    "update_cache_retries": 5,
                    "update_cache_retry_max_delay": 12,
                    "upgrade": null,
                  },
                },
                "item": "nfs-common",
              },
              {
                "_ansible_item_label": "rsync",
                "_ansible_no_log": false,
                "ansible_loop_var": "item",
                "cache_update_time": 1719909415,
                "cache_updated": false,
                "changed": false,
                "failed": false,
                "invocation": {
                  "module_args": {
                    "allow_change_held_packages": false,
                    "allow_downgrade": false,
                    "allow_unauthenticated": false,
                    "autoclean": false,
                    "autoremove": false,
                    "cache_valid_time": 0,
                    "clean": false,
                    "deb": null,
                    "default_release": null,
                    "dpkg_options": "force-confdef,force-confold",
                    "fail_on_autoremove": false,
                    "force": false,
                    "force_apt_get": false,
                    "install_recommends": null,
                    "lock_timeout": 60,
                    "name": "rsync",
                    "only_upgrade": false,
                    "package": [
                      "rsync",
                    ],
                    "policy_rc_d": null,
                    "purge": false,
                    "state": "present",
                    "update_cache": null,
                    "update_cache_retries": 5,
                    "update_cache_retry_max_delay": 12,
                    "upgrade": null,
                  },
                },
                "item": "rsync",
              },
              {
                "_ansible_item_label": "samba",
                "_ansible_no_log": false,
                "ansible_loop_var": "item",
                "cache_update_time": 1719909415,
                "cache_updated": false,
                "changed": false,
                "failed": false,
                "invocation": {
                  "module_args": {
                    "allow_change_held_packages": false,
                    "allow_downgrade": false,
                    "allow_unauthenticated": false,
                    "autoclean": false,
                    "autoremove": false,
                    "cache_valid_time": 0,
                    "clean": false,
                    "deb": null,
                    "default_release": null,
                    "dpkg_options": "force-confdef,force-confold",
                    "fail_on_autoremove": false,
                    "force": false,
                    "force_apt_get": false,
                    "install_recommends": null,
                    "lock_timeout": 60,
                    "name": "samba",
                    "only_upgrade": false,
                    "package": [
                      "samba",
                    ],
                    "policy_rc_d": null,
                    "purge": false,
                    "state": "present",
                    "update_cache": null,
                    "update_cache_retries": 5,
                    "update_cache_retry_max_delay": 12,
                    "upgrade": null,
                  },
                },
                "item": "samba",
              },
              {
                "_ansible_item_label": "software-properties-common",
                "_ansible_no_log": false,
                "ansible_loop_var": "item",
                "cache_update_time": 1719909415,
                "cache_updated": false,
                "changed": false,
                "failed": false,
                "invocation": {
                  "module_args": {
                    "allow_change_held_packages": false,
                    "allow_downgrade": false,
                    "allow_unauthenticated": false,
                    "autoclean": false,
                    "autoremove": false,
                    "cache_valid_time": 0,
                    "clean": false,
                    "deb": null,
                    "default_release": null,
                    "dpkg_options": "force-confdef,force-confold",
                    "fail_on_autoremove": false,
                    "force": false,
                    "force_apt_get": false,
                    "install_recommends": null,
                    "lock_timeout": 60,
                    "name": "software-properties-common",
                    "only_upgrade": false,
                    "package": [
                      "software-properties-common",
                    ],
                    "policy_rc_d": null,
                    "purge": false,
                    "state": "present",
                    "update_cache": null,
                    "update_cache_retries": 5,
                    "update_cache_retry_max_delay": 12,
                    "upgrade": null,
                  },
                },
                "item": "software-properties-common",
              },
            ],
          },
          "deprecations": undefined,
          "duration": 35679,
          "hostname": "gman.local",
          "skip": {
            "condition": undefined,
            "reason": undefined,
          },
          "warnings": undefined,
        },
        "wheatley.local": {
          "changed": false,
          "data": {
            "msg": "All items completed",
            "results": [
              {
                "_ansible_item_label": "apt-transport-https",
                "_ansible_no_log": false,
                "ansible_loop_var": "item",
                "cache_update_time": 1730281095,
                "cache_updated": false,
                "changed": false,
                "failed": false,
                "invocation": {
                  "module_args": {
                    "allow_change_held_packages": false,
                    "allow_downgrade": false,
                    "allow_unauthenticated": false,
                    "autoclean": false,
                    "autoremove": false,
                    "cache_valid_time": 0,
                    "clean": false,
                    "deb": null,
                    "default_release": null,
                    "dpkg_options": "force-confdef,force-confold",
                    "fail_on_autoremove": false,
                    "force": false,
                    "force_apt_get": false,
                    "install_recommends": null,
                    "lock_timeout": 60,
                    "name": "apt-transport-https",
                    "only_upgrade": false,
                    "package": [
                      "apt-transport-https",
                    ],
                    "policy_rc_d": null,
                    "purge": false,
                    "state": "present",
                    "update_cache": null,
                    "update_cache_retries": 5,
                    "update_cache_retry_max_delay": 12,
                    "upgrade": null,
                  },
                },
                "item": "apt-transport-https",
              },
              {
                "_ansible_item_label": "build-essential",
                "_ansible_no_log": false,
                "ansible_loop_var": "item",
                "cache_update_time": 1730281095,
                "cache_updated": false,
                "changed": false,
                "failed": false,
                "invocation": {
                  "module_args": {
                    "allow_change_held_packages": false,
                    "allow_downgrade": false,
                    "allow_unauthenticated": false,
                    "autoclean": false,
                    "autoremove": false,
                    "cache_valid_time": 0,
                    "clean": false,
                    "deb": null,
                    "default_release": null,
                    "dpkg_options": "force-confdef,force-confold",
                    "fail_on_autoremove": false,
                    "force": false,
                    "force_apt_get": false,
                    "install_recommends": null,
                    "lock_timeout": 60,
                    "name": "build-essential",
                    "only_upgrade": false,
                    "package": [
                      "build-essential",
                    ],
                    "policy_rc_d": null,
                    "purge": false,
                    "state": "present",
                    "update_cache": null,
                    "update_cache_retries": 5,
                    "update_cache_retry_max_delay": 12,
                    "upgrade": null,
                  },
                },
                "item": "build-essential",
              },
              {
                "_ansible_item_label": "ca-certificates",
                "_ansible_no_log": false,
                "ansible_loop_var": "item",
                "cache_update_time": 1730281095,
                "cache_updated": false,
                "changed": false,
                "failed": false,
                "invocation": {
                  "module_args": {
                    "allow_change_held_packages": false,
                    "allow_downgrade": false,
                    "allow_unauthenticated": false,
                    "autoclean": false,
                    "autoremove": false,
                    "cache_valid_time": 0,
                    "clean": false,
                    "deb": null,
                    "default_release": null,
                    "dpkg_options": "force-confdef,force-confold",
                    "fail_on_autoremove": false,
                    "force": false,
                    "force_apt_get": false,
                    "install_recommends": null,
                    "lock_timeout": 60,
                    "name": "ca-certificates",
                    "only_upgrade": false,
                    "package": [
                      "ca-certificates",
                    ],
                    "policy_rc_d": null,
                    "purge": false,
                    "state": "present",
                    "update_cache": null,
                    "update_cache_retries": 5,
                    "update_cache_retry_max_delay": 12,
                    "upgrade": null,
                  },
                },
                "item": "ca-certificates",
              },
              {
                "_ansible_item_label": "curl",
                "_ansible_no_log": false,
                "ansible_loop_var": "item",
                "cache_update_time": 1730281095,
                "cache_updated": false,
                "changed": false,
                "failed": false,
                "invocation": {
                  "module_args": {
                    "allow_change_held_packages": false,
                    "allow_downgrade": false,
                    "allow_unauthenticated": false,
                    "autoclean": false,
                    "autoremove": false,
                    "cache_valid_time": 0,
                    "clean": false,
                    "deb": null,
                    "default_release": null,
                    "dpkg_options": "force-confdef,force-confold",
                    "fail_on_autoremove": false,
                    "force": false,
                    "force_apt_get": false,
                    "install_recommends": null,
                    "lock_timeout": 60,
                    "name": "curl",
                    "only_upgrade": false,
                    "package": [
                      "curl",
                    ],
                    "policy_rc_d": null,
                    "purge": false,
                    "state": "present",
                    "update_cache": null,
                    "update_cache_retries": 5,
                    "update_cache_retry_max_delay": 12,
                    "upgrade": null,
                  },
                },
                "item": "curl",
              },
              {
                "_ansible_item_label": "git",
                "_ansible_no_log": false,
                "ansible_loop_var": "item",
                "cache_update_time": 1730281095,
                "cache_updated": false,
                "changed": false,
                "failed": false,
                "invocation": {
                  "module_args": {
                    "allow_change_held_packages": false,
                    "allow_downgrade": false,
                    "allow_unauthenticated": false,
                    "autoclean": false,
                    "autoremove": false,
                    "cache_valid_time": 0,
                    "clean": false,
                    "deb": null,
                    "default_release": null,
                    "dpkg_options": "force-confdef,force-confold",
                    "fail_on_autoremove": false,
                    "force": false,
                    "force_apt_get": false,
                    "install_recommends": null,
                    "lock_timeout": 60,
                    "name": "git",
                    "only_upgrade": false,
                    "package": [
                      "git",
                    ],
                    "policy_rc_d": null,
                    "purge": false,
                    "state": "present",
                    "update_cache": null,
                    "update_cache_retries": 5,
                    "update_cache_retry_max_delay": 12,
                    "upgrade": null,
                  },
                },
                "item": "git",
              },
              {
                "_ansible_item_label": "gnupg",
                "_ansible_no_log": false,
                "ansible_loop_var": "item",
                "cache_update_time": 1730281095,
                "cache_updated": false,
                "changed": false,
                "failed": false,
                "invocation": {
                  "module_args": {
                    "allow_change_held_packages": false,
                    "allow_downgrade": false,
                    "allow_unauthenticated": false,
                    "autoclean": false,
                    "autoremove": false,
                    "cache_valid_time": 0,
                    "clean": false,
                    "deb": null,
                    "default_release": null,
                    "dpkg_options": "force-confdef,force-confold",
                    "fail_on_autoremove": false,
                    "force": false,
                    "force_apt_get": false,
                    "install_recommends": null,
                    "lock_timeout": 60,
                    "name": "gnupg",
                    "only_upgrade": false,
                    "package": [
                      "gnupg",
                    ],
                    "policy_rc_d": null,
                    "purge": false,
                    "state": "present",
                    "update_cache": null,
                    "update_cache_retries": 5,
                    "update_cache_retry_max_delay": 12,
                    "upgrade": null,
                  },
                },
                "item": "gnupg",
              },
              {
                "_ansible_item_label": "jq",
                "_ansible_no_log": false,
                "ansible_loop_var": "item",
                "cache_update_time": 1730281095,
                "cache_updated": false,
                "changed": false,
                "failed": false,
                "invocation": {
                  "module_args": {
                    "allow_change_held_packages": false,
                    "allow_downgrade": false,
                    "allow_unauthenticated": false,
                    "autoclean": false,
                    "autoremove": false,
                    "cache_valid_time": 0,
                    "clean": false,
                    "deb": null,
                    "default_release": null,
                    "dpkg_options": "force-confdef,force-confold",
                    "fail_on_autoremove": false,
                    "force": false,
                    "force_apt_get": false,
                    "install_recommends": null,
                    "lock_timeout": 60,
                    "name": "jq",
                    "only_upgrade": false,
                    "package": [
                      "jq",
                    ],
                    "policy_rc_d": null,
                    "purge": false,
                    "state": "present",
                    "update_cache": null,
                    "update_cache_retries": 5,
                    "update_cache_retry_max_delay": 12,
                    "upgrade": null,
                  },
                },
                "item": "jq",
              },
              {
                "_ansible_item_label": "nfs-common",
                "_ansible_no_log": false,
                "ansible_loop_var": "item",
                "cache_update_time": 1730281095,
                "cache_updated": false,
                "changed": false,
                "failed": false,
                "invocation": {
                  "module_args": {
                    "allow_change_held_packages": false,
                    "allow_downgrade": false,
                    "allow_unauthenticated": false,
                    "autoclean": false,
                    "autoremove": false,
                    "cache_valid_time": 0,
                    "clean": false,
                    "deb": null,
                    "default_release": null,
                    "dpkg_options": "force-confdef,force-confold",
                    "fail_on_autoremove": false,
                    "force": false,
                    "force_apt_get": false,
                    "install_recommends": null,
                    "lock_timeout": 60,
                    "name": "nfs-common",
                    "only_upgrade": false,
                    "package": [
                      "nfs-common",
                    ],
                    "policy_rc_d": null,
                    "purge": false,
                    "state": "present",
                    "update_cache": null,
                    "update_cache_retries": 5,
                    "update_cache_retry_max_delay": 12,
                    "upgrade": null,
                  },
                },
                "item": "nfs-common",
              },
              {
                "_ansible_item_label": "rsync",
                "_ansible_no_log": false,
                "ansible_loop_var": "item",
                "cache_update_time": 1730281095,
                "cache_updated": false,
                "changed": false,
                "failed": false,
                "invocation": {
                  "module_args": {
                    "allow_change_held_packages": false,
                    "allow_downgrade": false,
                    "allow_unauthenticated": false,
                    "autoclean": false,
                    "autoremove": false,
                    "cache_valid_time": 0,
                    "clean": false,
                    "deb": null,
                    "default_release": null,
                    "dpkg_options": "force-confdef,force-confold",
                    "fail_on_autoremove": false,
                    "force": false,
                    "force_apt_get": false,
                    "install_recommends": null,
                    "lock_timeout": 60,
                    "name": "rsync",
                    "only_upgrade": false,
                    "package": [
                      "rsync",
                    ],
                    "policy_rc_d": null,
                    "purge": false,
                    "state": "present",
                    "update_cache": null,
                    "update_cache_retries": 5,
                    "update_cache_retry_max_delay": 12,
                    "upgrade": null,
                  },
                },
                "item": "rsync",
              },
              {
                "_ansible_item_label": "samba",
                "_ansible_no_log": false,
                "ansible_loop_var": "item",
                "cache_update_time": 1730281095,
                "cache_updated": false,
                "changed": false,
                "failed": false,
                "invocation": {
                  "module_args": {
                    "allow_change_held_packages": false,
                    "allow_downgrade": false,
                    "allow_unauthenticated": false,
                    "autoclean": false,
                    "autoremove": false,
                    "cache_valid_time": 0,
                    "clean": false,
                    "deb": null,
                    "default_release": null,
                    "dpkg_options": "force-confdef,force-confold",
                    "fail_on_autoremove": false,
                    "force": false,
                    "force_apt_get": false,
                    "install_recommends": null,
                    "lock_timeout": 60,
                    "name": "samba",
                    "only_upgrade": false,
                    "package": [
                      "samba",
                    ],
                    "policy_rc_d": null,
                    "purge": false,
                    "state": "present",
                    "update_cache": null,
                    "update_cache_retries": 5,
                    "update_cache_retry_max_delay": 12,
                    "upgrade": null,
                  },
                },
                "item": "samba",
              },
              {
                "_ansible_item_label": "software-properties-common",
                "_ansible_no_log": false,
                "ansible_loop_var": "item",
                "cache_update_time": 1730281095,
                "cache_updated": false,
                "changed": false,
                "failed": false,
                "invocation": {
                  "module_args": {
                    "allow_change_held_packages": false,
                    "allow_downgrade": false,
                    "allow_unauthenticated": false,
                    "autoclean": false,
                    "autoremove": false,
                    "cache_valid_time": 0,
                    "clean": false,
                    "deb": null,
                    "default_release": null,
                    "dpkg_options": "force-confdef,force-confold",
                    "fail_on_autoremove": false,
                    "force": false,
                    "force_apt_get": false,
                    "install_recommends": null,
                    "lock_timeout": 60,
                    "name": "software-properties-common",
                    "only_upgrade": false,
                    "package": [
                      "software-properties-common",
                    ],
                    "policy_rc_d": null,
                    "purge": false,
                    "state": "present",
                    "update_cache": null,
                    "update_cache_retries": 5,
                    "update_cache_retry_max_delay": 12,
                    "upgrade": null,
                  },
                },
                "item": "software-properties-common",
              },
            ],
          },
          "deprecations": undefined,
          "duration": 23614,
          "hostname": "wheatley.local",
          "skip": {
            "condition": undefined,
            "reason": undefined,
          },
          "warnings": undefined,
        },
      },
      "id": "0691f17f-5892-5ccd-cc9d-000000000007",
      "location": "/iac/ansible/playbooks/base/main.yaml:14",
      "name": "Install base packages",
      "startedAt": 1730538172201,
    },
    {
      "action": "ansible.builtin.apt_key",
      "hosts": {
        "glados.local": {
          "changed": false,
          "data": {
            "before": [
              "0123456789abcdef",
              "0123456789abcdef",
              "0123456789abcdef",
              "0123456789abcdef",
            ],
            "fp": "0123456789abcdef",
            "id": "0123456789abcdef",
            "invocation": {
              "module_args": {
                "data": null,
                "file": null,
                "id": null,
                "keyring": null,
                "keyserver": null,
                "state": "present",
                "url": "https://download.zerotier.com/contact@zerotier.com.gpg",
                "validate_certs": true,
              },
            },
            "key_id": "0123456789abcdef",
            "short_id": "01234567",
          },
          "deprecations": undefined,
          "duration": 3469,
          "hostname": "glados.local",
          "skip": {
            "condition": undefined,
            "reason": undefined,
          },
          "warnings": undefined,
        },
        "gman.local": {
          "changed": false,
          "data": {
            "before": [
              "0123456789abcdef",
              "0123456789abcdef",
              "0123456789abcdef",
              "0123456789abcdef",
              "0123456789abcdef",
              "0123456789abcdef",
              "0123456789abcdef",
              "0123456789abcdef",
              "0123456789abcdef",
              "0123456789abcdef",
              "0123456789abcdef",
              "0123456789abcdef",
              "0123456789abcdef",
              "0123456789abcdef",
              "0123456789abcdef",
              "0123456789abcdef",
              "0123456789abcdef",
              "0123456789abcdef",
              "0123456789abcdef",
            ],
            "fp": "0123456789abcdef",
            "id": "0123456789abcdef",
            "invocation": {
              "module_args": {
                "data": null,
                "file": null,
                "id": null,
                "keyring": null,
                "keyserver": null,
                "state": "present",
                "url": "https://download.zerotier.com/contact@zerotier.com.gpg",
                "validate_certs": true,
              },
            },
            "key_id": "1657198823E52A61",
            "short_id": "23E52A61",
          },
          "deprecations": undefined,
          "duration": 3828,
          "hostname": "gman.local",
          "skip": {
            "condition": undefined,
            "reason": undefined,
          },
          "warnings": undefined,
        },
        "wheatley.local": {
          "changed": false,
          "data": {
            "before": [
              "0123456789abcdef",
              "0123456789abcdef",
              "0123456789abcdef",
              "0123456789abcdef",
              "0123456789abcdef",
              "0123456789abcdef",
              "0123456789abcdef",
              "0123456789abcdef",
              "0123456789abcdef",
              "0123456789abcdef",
              "0123456789abcdef",
              "0123456789abcdef",
              "0123456789abcdef",
              "0123456789abcdef",
              "0123456789abcdef",
              "0123456789abcdef",
              "0123456789abcdef",
            ],
            "fp": "0123456789abcdef",
            "id": "0123456789abcdef",
            "invocation": {
              "module_args": {
                "data": null,
                "file": null,
                "id": null,
                "keyring": null,
                "keyserver": null,
                "state": "present",
                "url": "https://download.zerotier.com/contact@zerotier.com.gpg",
                "validate_certs": true,
              },
            },
            "key_id": "0123456789abcdef",
            "short_id": "01234567",
          },
          "deprecations": undefined,
          "duration": 3250,
          "hostname": "wheatley.local",
          "skip": {
            "condition": undefined,
            "reason": undefined,
          },
          "warnings": undefined,
        },
      },
      "id": "0691f17f-5892-5ccd-cc9d-00000000000e",
      "location": "/iac/ansible/roles/zerotier-client/tasks/main.yaml:2",
      "name": "zerotier-client : Add ZeroTier GPG apt key",
      "startedAt": 1730538212809,
    },
    {
      "action": "ansible.builtin.apt_repository",
      "hosts": {
        "glados.local": {
          "changed": false,
          "data": {
            "diff": [],
            "invocation": {
              "module_args": {
                "codename": null,
                "filename": null,
                "install_python_apt": true,
                "mode": null,
                "repo": "deb http://download.zerotier.com/debian/jammy jammy main",
                "state": "present",
                "update_cache": true,
                "update_cache_retries": 5,
                "update_cache_retry_max_delay": 12,
                "validate_certs": true,
              },
            },
            "repo": "deb http://download.zerotier.com/debian/jammy jammy main",
            "sources_added": [],
            "sources_removed": [],
            "state": "present",
          },
          "deprecations": undefined,
          "duration": 3157,
          "hostname": "glados.local",
          "skip": {
            "condition": undefined,
            "reason": undefined,
          },
          "warnings": undefined,
        },
        "gman.local": {
          "changed": false,
          "data": {
            "diff": [],
            "invocation": {
              "module_args": {
                "codename": null,
                "filename": null,
                "install_python_apt": true,
                "mode": null,
                "repo": "deb http://download.zerotier.com/debian/bookworm bookworm main",
                "state": "present",
                "update_cache": true,
                "update_cache_retries": 5,
                "update_cache_retry_max_delay": 12,
                "validate_certs": true,
              },
            },
            "repo": "deb http://download.zerotier.com/debian/bookworm bookworm main",
            "sources_added": [],
            "sources_removed": [],
            "state": "present",
          },
          "deprecations": undefined,
          "duration": 2255,
          "hostname": "gman.local",
          "skip": {
            "condition": undefined,
            "reason": undefined,
          },
          "warnings": undefined,
        },
        "wheatley.local": {
          "changed": false,
          "data": {
            "diff": [],
            "invocation": {
              "module_args": {
                "codename": null,
                "filename": null,
                "install_python_apt": true,
                "mode": null,
                "repo": "deb http://download.zerotier.com/debian/bookworm bookworm main",
                "state": "present",
                "update_cache": true,
                "update_cache_retries": 5,
                "update_cache_retry_max_delay": 12,
                "validate_certs": true,
              },
            },
            "repo": "deb http://download.zerotier.com/debian/bookworm bookworm main",
            "sources_added": [],
            "sources_removed": [],
            "state": "present",
          },
          "deprecations": undefined,
          "duration": 2161,
          "hostname": "wheatley.local",
          "skip": {
            "condition": undefined,
            "reason": undefined,
          },
          "warnings": undefined,
        },
      },
      "id": "0691f17f-5892-5ccd-cc9d-00000000000f",
      "location": "/iac/ansible/roles/zerotier-client/tasks/main.yaml:7",
      "name": "zerotier-client : Add ZeroTier repository",
      "startedAt": 1730538216648,
    },
    {
      "action": "ansible.builtin.apt",
      "hosts": {
        "glados.local": {
          "changed": false,
          "data": {
            "cache_update_time": 1730528942,
            "cache_updated": false,
            "invocation": {
              "module_args": {
                "allow_change_held_packages": false,
                "allow_downgrade": false,
                "allow_unauthenticated": false,
                "autoclean": false,
                "autoremove": false,
                "cache_valid_time": 0,
                "clean": false,
                "deb": null,
                "default_release": null,
                "dpkg_options": "force-confdef,force-confold",
                "fail_on_autoremove": false,
                "force": false,
                "force_apt_get": false,
                "install_recommends": null,
                "lock_timeout": 60,
                "name": "zerotier-one",
                "only_upgrade": false,
                "package": [
                  "zerotier-one",
                ],
                "policy_rc_d": null,
                "purge": false,
                "state": "present",
                "update_cache": null,
                "update_cache_retries": 5,
                "update_cache_retry_max_delay": 12,
                "upgrade": null,
              },
            },
          },
          "deprecations": undefined,
          "duration": 3635,
          "hostname": "glados.local",
          "skip": {
            "condition": undefined,
            "reason": undefined,
          },
          "warnings": undefined,
        },
        "gman.local": {
          "changed": false,
          "data": {
            "cache_update_time": 1719909415,
            "cache_updated": false,
            "invocation": {
              "module_args": {
                "allow_change_held_packages": false,
                "allow_downgrade": false,
                "allow_unauthenticated": false,
                "autoclean": false,
                "autoremove": false,
                "cache_valid_time": 0,
                "clean": false,
                "deb": null,
                "default_release": null,
                "dpkg_options": "force-confdef,force-confold",
                "fail_on_autoremove": false,
                "force": false,
                "force_apt_get": false,
                "install_recommends": null,
                "lock_timeout": 60,
                "name": "zerotier-one",
                "only_upgrade": false,
                "package": [
                  "zerotier-one",
                ],
                "policy_rc_d": null,
                "purge": false,
                "state": "present",
                "update_cache": null,
                "update_cache_retries": 5,
                "update_cache_retry_max_delay": 12,
                "upgrade": null,
              },
            },
          },
          "deprecations": undefined,
          "duration": 3555,
          "hostname": "gman.local",
          "skip": {
            "condition": undefined,
            "reason": undefined,
          },
          "warnings": undefined,
        },
        "wheatley.local": {
          "changed": false,
          "data": {
            "cache_update_time": 1730281095,
            "cache_updated": false,
            "invocation": {
              "module_args": {
                "allow_change_held_packages": false,
                "allow_downgrade": false,
                "allow_unauthenticated": false,
                "autoclean": false,
                "autoremove": false,
                "cache_valid_time": 0,
                "clean": false,
                "deb": null,
                "default_release": null,
                "dpkg_options": "force-confdef,force-confold",
                "fail_on_autoremove": false,
                "force": false,
                "force_apt_get": false,
                "install_recommends": null,
                "lock_timeout": 60,
                "name": "zerotier-one",
                "only_upgrade": false,
                "package": [
                  "zerotier-one",
                ],
                "policy_rc_d": null,
                "purge": false,
                "state": "present",
                "update_cache": null,
                "update_cache_retries": 5,
                "update_cache_retry_max_delay": 12,
                "upgrade": null,
              },
            },
          },
          "deprecations": undefined,
          "duration": 2109,
          "hostname": "wheatley.local",
          "skip": {
            "condition": undefined,
            "reason": undefined,
          },
          "warnings": undefined,
        },
      },
      "id": "0691f17f-5892-5ccd-cc9d-000000000010",
      "location": "/iac/ansible/roles/zerotier-client/tasks/main.yaml:17",
      "name": "zerotier-client : Install zerotier-one",
      "startedAt": 1730538219818,
    },
    {
      "action": "ansible.builtin.systemd",
      "hosts": {
        "glados.local": {
          "changed": false,
          "data": {
            "enabled": true,
            "invocation": {
              "module_args": {
                "daemon_reexec": false,
                "daemon_reload": false,
                "enabled": true,
                "force": null,
                "masked": null,
                "name": "zerotier-one",
                "no_block": false,
                "scope": "system",
                "state": "started",
              },
            },
            "name": "zerotier-one",
            "state": "started",
            "status": "omitted",
          },
          "deprecations": undefined,
          "duration": 3299,
          "hostname": "glados.local",
          "skip": {
            "condition": undefined,
            "reason": undefined,
          },
          "warnings": undefined,
        },
        "gman.local": {
          "changed": false,
          "data": {
            "enabled": true,
            "invocation": {
              "module_args": {
                "daemon_reexec": false,
                "daemon_reload": false,
                "enabled": true,
                "force": null,
                "masked": null,
                "name": "zerotier-one",
                "no_block": false,
                "scope": "system",
                "state": "started",
              },
            },
            "name": "zerotier-one",
            "state": "started",
            "status": "omitted",
          },
          "deprecations": undefined,
          "duration": 2796,
          "hostname": "gman.local",
          "skip": {
            "condition": undefined,
            "reason": undefined,
          },
          "warnings": undefined,
        },
        "wheatley.local": {
          "changed": false,
          "data": {
            "enabled": true,
            "invocation": {
              "module_args": {
                "daemon_reexec": false,
                "daemon_reload": false,
                "enabled": true,
                "force": null,
                "masked": null,
                "name": "zerotier-one",
                "no_block": false,
                "scope": "system",
                "state": "started",
              },
            },
            "name": "zerotier-one",
            "state": "started",
            "status": "omitted",
          },
          "deprecations": undefined,
          "duration": 1903,
          "hostname": "wheatley.local",
          "skip": {
            "condition": undefined,
            "reason": undefined,
          },
          "warnings": undefined,
        },
      },
      "id": "0691f17f-5892-5ccd-cc9d-000000000011",
      "location": "/iac/ansible/roles/zerotier-client/tasks/main.yaml:22",
      "name": "zerotier-client : Start zerotier-one",
      "startedAt": 1730538223457,
    },
    {
      "action": "ansible.builtin.command",
      "hosts": {
        "glados.local": {
          "changed": false,
          "data": {},
          "deprecations": undefined,
          "duration": 26,
          "hostname": "glados.local",
          "skip": {
            "condition": "network_id is defined and network_id != """,
            "reason": "Conditional result was False",
          },
          "warnings": undefined,
        },
        "gman.local": {
          "changed": false,
          "data": {},
          "deprecations": undefined,
          "duration": 22,
          "hostname": "gman.local",
          "skip": {
            "condition": "network_id is defined and network_id != """,
            "reason": "Conditional result was False",
          },
          "warnings": undefined,
        },
        "wheatley.local": {
          "changed": false,
          "data": {},
          "deprecations": undefined,
          "duration": 22,
          "hostname": "wheatley.local",
          "skip": {
            "condition": "network_id is defined and network_id != """,
            "reason": "Conditional result was False",
          },
          "warnings": undefined,
        },
      },
      "id": "0691f17f-5892-5ccd-cc9d-000000000012",
      "location": "/iac/ansible/roles/zerotier-client/tasks/main.yaml:28",
      "name": "zerotier-client : Join ZeroTier network",
      "startedAt": 1730538226767,
    },
    {
      "action": "ansible.builtin.slurp",
      "hosts": {
        "glados.local": {
          "changed": false,
          "data": {
            "content": "omitted",
            "encoding": "base64",
            "invocation": {
              "module_args": {
                "path": "/var/lib/zerotier-one/identity.public",
                "src": "/var/lib/zerotier-one/identity.public",
              },
            },
            "source": "/var/lib/zerotier-one/identity.public",
          },
          "deprecations": undefined,
          "duration": 3538,
          "hostname": "glados.local",
          "skip": {
            "condition": undefined,
            "reason": undefined,
          },
          "warnings": undefined,
        },
        "gman.local": {
          "changed": false,
          "data": {
            "content": "omitted",
            "encoding": "base64",
            "invocation": {
              "module_args": {
                "path": "/var/lib/zerotier-one/identity.public",
                "src": "/var/lib/zerotier-one/identity.public",
              },
            },
            "source": "/var/lib/zerotier-one/identity.public",
          },
          "deprecations": undefined,
          "duration": 2223,
          "hostname": "gman.local",
          "skip": {
            "condition": undefined,
            "reason": undefined,
          },
          "warnings": undefined,
        },
        "wheatley.local": {
          "changed": false,
          "data": {
            "content": "omitted",
            "encoding": "base64",
            "invocation": {
              "module_args": {
                "path": "/var/lib/zerotier-one/identity.public",
                "src": "/var/lib/zerotier-one/identity.public",
              },
            },
            "source": "/var/lib/zerotier-one/identity.public",
          },
          "deprecations": undefined,
          "duration": 1699,
          "hostname": "wheatley.local",
          "skip": {
            "condition": undefined,
            "reason": undefined,
          },
          "warnings": undefined,
        },
      },
      "id": "0691f17f-5892-5ccd-cc9d-000000000013",
      "location": "/iac/ansible/roles/zerotier-client/tasks/main.yaml:34",
      "name": "zerotier-client : Read ZeroTier client identity",
      "startedAt": 1730538226797,
    },
    {
      "action": "ansible.builtin.debug",
      "hosts": {
        "glados.local": {
          "changed": false,
          "data": {
            "_ansible_verbose_always": true,
            "msg": "0123456789",
          },
          "deprecations": undefined,
          "duration": 201,
          "hostname": "glados.local",
          "skip": {
            "condition": undefined,
            "reason": undefined,
          },
          "warnings": undefined,
        },
        "gman.local": {
          "changed": false,
          "data": {
            "_ansible_verbose_always": true,
            "msg": "0123456789",
          },
          "deprecations": undefined,
          "duration": 201,
          "hostname": "gman.local",
          "skip": {
            "condition": undefined,
            "reason": undefined,
          },
          "warnings": undefined,
        },
        "wheatley.local": {
          "changed": false,
          "data": {
            "_ansible_verbose_always": true,
            "msg": "0123456789",
          },
          "deprecations": undefined,
          "duration": 201,
          "hostname": "wheatley.local",
          "skip": {
            "condition": undefined,
            "reason": undefined,
          },
          "warnings": undefined,
        },
      },
      "id": "0691f17f-5892-5ccd-cc9d-000000000014",
      "location": "/iac/ansible/roles/zerotier-client/tasks/main.yaml:39",
      "name": "zerotier-client : Output ZeroTier client identity",
      "startedAt": 1730538230343,
    },
  ],
}
`;
